// Jest Snapshot v1, https://goo.gl/fbAQLP

exports[`Boleto should display boleto component 1`] = `
Object {
  Symbol(dom): <body>
    <div
      class="loader-wrapper hide"
    >
      <div
        class="lds-ring"
      >
        <div />
        <div />
        <div />
        <div />
      </div>
      <div
        style="font-weight: bold; font-size: 16px;"
      >
        Processing...
      </div>
    </div>
    <legend />
    <div
      class="adyen-collapse-heading oc-panel panel-2"
      data-oc-id="panel-2"
    />
    <br />
    <legend />
    <div
      class="adyen-collapse-heading oc-panel panel-1"
      data-oc-id="panel-1"
    >
      <div
        class="collapse-heading"
      >
        <strong>
          <span
            class="collapse-toggle collapsed"
            data-target="#adyen-boletobancario-wrapper"
            data-toggle="collapse"
          >
            <button />
          </span>
        </strong>
      </div>
      <div
        class="adyen-wrapper collapse"
        id="adyen-boletobancario-wrapper"
      >
        <div
          class="adyen-component"
          id="adyen-boleto-payment"
        />
      </div>
    </div>
  </body>,
}
`;
