// Jest Snapshot v1, https://goo.gl/fbAQLP

exports[`Modal should send node in the callback 1`] = `
<div
  style="display: flex;justify-content: center;align-content: center;top: 0;position: fixed;z-index: 999;align-items: center;"
>
  <div
    id="present-shopper"
    style="z-index: 9999;position: absolute;"
  />
  <div
    id="present-shopper-wrapper"
    style="height: 100vh; width: 100vw; background-color: #a4a4a494; z-index: 999;"
  />
</div>
`;
